[debug] [2026-09-03T07:53:50.230Z] ----------------------------------------------------------------------
[debug] [2026-09-03T07:53:50.233Z] Command:       /home/kaoritakasu/.local/share/fnm/node-versions/v24.19.0/installation/bin/node /run/user/1000/fnm_multishells/81318_1788421744182/bin/firebase init
[debug] [2026-09-03T07:53:50.233Z] CLI Version:   15.29.0
[debug] [2026-09-03T07:53:50.233Z] Platform:      linux
[debug] [2026-09-03T07:53:50.233Z] Node Version:  v24.19.0
[debug] [2026-09-03T07:53:50.234Z] Detected Agent: unknown
[debug] [2026-09-03T07:53:50.234Z] Time:          Thu Sep 03 2026 16:53:50 GMT+0900 (Japan Standard Time)
[debug] [2026-09-03T07:53:50.234Z] ----------------------------------------------------------------------
[debug] 
[info] 
     ######## #### ########  ######## ########     ###     ######  ########
     ##        ##  ##     ## ##       ##     ##  ##   ##  ##       ##
     ######    ##  ########  ######   ########  #########  ######  ######
     ##        ##  ##    ##  ##       ##     ## ##     ##       ## ##
     ##       #### ##     ## ######## ########  ##     ##  ######  ########

You're about to initialize a Firebase project in this directory:

  /home/kaoritakasu/development/honnkadai1

[debug] [2026-09-03T07:55:59.352Z] ExitPromptError: User force closed the prompt with SIGINT
    at Interface.sigint (/home/kaoritakasu/.local/share/fnm/node-versions/v24.19.0/installation/lib/node_modules/firebase-tools/node_modules/@inquirer/core/dist/commonjs/lib/create-prompt.js:101:37)
    at Interface.emit (node:events:509:28)
    at [_ttyWrite] [as _ttyWrite] (node:internal/readline/interface:1327:18)
    at ReadStream.onkeypress (node:internal/readline/interface:284:20)
    at ReadStream.emit (node:events:521:24)
    at emitKeys (node:internal/readline/utils:371:14)
    at emitKeys.next (<anonymous>)
    at ReadStream.onData (node:internal/readline/emitKeypressEvents:64:36)
    at ReadStream.emit (node:events:509:28)
    at addChunk (node:internal/streams/readable:563:12)
[error] 
[error] Error: An unexpected error has occurred.
[debug] [2026-09-03T07:56:10.549Z] ----------------------------------------------------------------------
[debug] [2026-09-03T07:56:10.553Z] Command:       /home/kaoritakasu/.local/share/fnm/node-versions/v24.19.0/installation/bin/node /run/user/1000/fnm_multishells/81318_1788421744182/bin/firebase init
[debug] [2026-09-03T07:56:10.553Z] CLI Version:   15.29.0
[debug] [2026-09-03T07:56:10.553Z] Platform:      linux
[debug] [2026-09-03T07:56:10.554Z] Node Version:  v24.19.0
[debug] [2026-09-03T07:56:10.554Z] Detected Agent: unknown
[debug] [2026-09-03T07:56:10.554Z] Time:          Thu Sep 03 2026 16:56:10 GMT+0900 (Japan Standard Time)
[debug] [2026-09-03T07:56:10.554Z] ----------------------------------------------------------------------
[debug] 
[info] 
     ######## #### ########  ######## ########     ###     ######  ########
     ##        ##  ##     ## ##       ##     ##  ##   ##  ##       ##
     ######    ##  ########  ######   ########  #########  ######  ######
     ##        ##  ##    ##  ##       ##     ## ##     ##       ## ##
     ##       #### ##     ## ######## ########  ##     ##  ######  ########

You're about to initialize a Firebase project in this directory:

  /home/kaoritakasu/development/honnkadai1

